errors in the test_valid_transaction_failures

flow 

